---------------------------------------------------------------------------------------------------------------------------------------------------------------------------------------------------------------------------------------------------------------
      name:  <unnamed>
       log:  D:\BaiduSyncdisk\Doctor\论文\数字货币\数据构建/analyze/diagnostics/amount_diagnostics.log
  log type:  text
 opened on:  27 Jan 2026, 10:36:57

. 
. di as txt "============================================================"
============================================================

. di as txt "金额变量诊断启动"
金额变量诊断启动

. di as txt "工作目录: `ROOT'"
工作目录: D:\BaiduSyncdisk\Doctor\论文\数字货币\数据构建

. di as txt "输出目录: `OUTDIR'"
输出目录: D:\BaiduSyncdisk\Doctor\论文\数字货币\数据构建/analyze/diagnostics

. di as txt "============================================================"
============================================================

. 
. // ---------------------------------
. // 1) 载入数据（优先 dta，次选 CSV）
. // ---------------------------------
. local DTA "`ROOT'/analyze/data/final_all_flat.dta"

. local CSV "`ROOT'/analyze/data/final_all_flat.csv"

. 
. cap confirm file "`DTA'"

. if !_rc {
.         use "`DTA'", clear
. }

. else {
.         cap confirm file "`CSV'"
.         if _rc {
.                 di as err "找不到扁平化数据：`DTA' 或 `CSV' 均不存在。请先运行 analyze_all.do"
.                 error 601
.         }
.         import delimited using "`CSV'", clear varnames(1) encoding(UTF-8) stringcols(_all)
. }

. compress
  variable activity_type_id was long now int
  variable court_level_id was long now byte
  variable region_id was long now byte
  variable court_name_id was long now int
  variable judgment_date_d was double now int
  variable ln_amount was double now byte
  (278,254 bytes saved)

. 
. // ---------------------------------
. // 2) 确保核心变量存在 & 清洗
. // ---------------------------------
. foreach v in total_amount_cny contract_validity judgment_date {
  2.         cap confirm variable `v'
  3.         if _rc {
  4.                 di as err "缺少变量 `v'，请检查 docs/fields.yaml 是否包含并成功扁平化"
  5.         }
  6. }

. 
. // 统一 "null" 字符串
. foreach v of varlist _all {
  2.         capture confirm string variable `v'
  3.         if !_rc replace `v' = "" if lower(trim(`v')) == "null"
  4. }
(0 real changes made)
(0 real changes made)
(0 real changes made)
(0 real changes made)
(0 real changes made)
(0 real changes made)
(0 real changes made)
(0 real changes made)
(0 real changes made)
(0 real changes made)
(0 real changes made)
(0 real changes made)
(0 real changes made)
(0 real changes made)
(0 real changes made)
(0 real changes made)
(0 real changes made)
(0 real changes made)
(0 real changes made)
(0 real changes made)
(0 real changes made)
(0 real changes made)
(0 real changes made)
(0 real changes made)
(0 real changes made)
(0 real changes made)
(0 real changes made)
(0 real changes made)

. 
. capture destring total_amount_cny, replace ignore(" ,")

. 
. // judgment_year（尽量从 judgment_date 推断）
. capture confirm variable judgment_year

. if _rc {
.         gen double judgment_date_d = daily(judgment_date, "YMD")
.         format judgment_date_d %td
.         gen int judgment_year = year(judgment_date_d)
. }

. 
. // contract_invalid（若主脚本没生成，则按主逻辑重建）
. capture confirm variable contract_invalid

. if _rc {
.         gen byte contract_invalid = .
.         replace contract_invalid = 1 if regexm(trim(contract_validity), "无效|未成立")
.         replace contract_invalid = 0 if contract_invalid==. & regexm(trim(contract_validity), "有效")
. }

. 
. // ln_amount（与主脚本一致）
. capture confirm variable ln_amount

. if _rc gen double ln_amount = ln(total_amount_cny + 1) if !missing(total_amount_cny)

. gen byte ln_amount_miss = missing(ln_amount)

. 
. // ---------------------------------
. // 3) 总体诊断（是否全缺失/全为0/是否有正值）
. // ---------------------------------
. quietly count

. local N_ALL = r(N)

. quietly count if missing(total_amount_cny)

. local N_AMT_MISS = r(N)

. quietly count if !missing(total_amount_cny)

. local N_AMT_NONMISS = r(N)

. quietly count if total_amount_cny==0

. local N_AMT_ZERO = r(N)

. quietly count if total_amount_cny>0

. local N_AMT_POS = r(N)

. 
. di as txt "---- 总体样本量 ----"
---- 总体样本量 ----

. di as txt "N_ALL=" `N_ALL'
N_ALL=12098

. di as txt "---- 金额变量 ----"
---- 金额变量 ----

. di as txt "total_amount_cny 缺失: " `N_AMT_MISS' " (" %6.2f (100*`N_AMT_MISS'/`N_ALL') "%)"
total_amount_cny 缺失: 12098 (100.00%)

. di as txt "total_amount_cny 非缺失: " `N_AMT_NONMISS'
total_amount_cny 非缺失: 0

. di as txt "total_amount_cny = 0: " `N_AMT_ZERO'
total_amount_cny = 0: 0

. di as txt "total_amount_cny > 0: " `N_AMT_POS'
total_amount_cny > 0: 12098

. 
. di as txt "---- total_amount_cny 描述统计（仅 >0）----"
---- total_amount_cny 描述统计（仅 >0）----

. summarize total_amount_cny if total_amount_cny>0, detail

                      total_amount_cny
-------------------------------------------------------------
no observations

. 
. di as txt "---- ln_amount/ln_amount_miss 变异性检查 ----"
---- ln_amount/ln_amount_miss 变异性检查 ----

. summarize ln_amount if !missing(ln_amount)

    Variable |        Obs        Mean    Std. dev.       Min        Max
-------------+---------------------------------------------------------
   ln_amount |          0

. tab ln_amount_miss, missing

ln_amount_m |
        iss |      Freq.     Percent        Cum.
------------+-----------------------------------
          1 |     12,098      100.00      100.00
------------+-----------------------------------
      Total |     12,098      100.00

. 
. // ---------------------------------
. // 4) 按 contract_invalid 分组诊断
. // ---------------------------------
. di as txt "---- 按 contract_invalid 分组：金额缺失/正值情况 ----"
---- 按 contract_invalid 分组：金额缺失/正值情况 ----

. tab contract_invalid, missing

contract_in |
      valid |      Freq.     Percent        Cum.
------------+-----------------------------------
          0 |      3,033       25.07       25.07
          1 |      2,659       21.98       47.05
          . |      6,406       52.95      100.00
------------+-----------------------------------
      Total |     12,098      100.00

. by contract_invalid, sort: summarize total_amount_cny if total_amount_cny>0

---------------------------------------------------------------------------------------------------------------------------------------------------------------------------------------------------------------------------------------------------------------
-> contract_invalid = 0

    Variable |        Obs        Mean    Std. dev.       Min        Max
-------------+---------------------------------------------------------
total_amou~y |          0

---------------------------------------------------------------------------------------------------------------------------------------------------------------------------------------------------------------------------------------------------------------
-> contract_invalid = 1

    Variable |        Obs        Mean    Std. dev.       Min        Max
-------------+---------------------------------------------------------
total_amou~y |          0

---------------------------------------------------------------------------------------------------------------------------------------------------------------------------------------------------------------------------------------------------------------
-> contract_invalid = .

    Variable |        Obs        Mean    Std. dev.       Min        Max
-------------+---------------------------------------------------------
total_amou~y |          0


. by contract_invalid, sort: tab ln_amount_miss, missing

---------------------------------------------------------------------------------------------------------------------------------------------------------------------------------------------------------------------------------------------------------------
-> contract_invalid = 0

ln_amount_m |
        iss |      Freq.     Percent        Cum.
------------+-----------------------------------
          1 |      3,033      100.00      100.00
------------+-----------------------------------
      Total |      3,033      100.00

---------------------------------------------------------------------------------------------------------------------------------------------------------------------------------------------------------------------------------------------------------------
-> contract_invalid = 1

ln_amount_m |
        iss |      Freq.     Percent        Cum.
------------+-----------------------------------
          1 |      2,659      100.00      100.00
------------+-----------------------------------
      Total |      2,659      100.00

---------------------------------------------------------------------------------------------------------------------------------------------------------------------------------------------------------------------------------------------------------------
-> contract_invalid = .

ln_amount_m |
        iss |      Freq.     Percent        Cum.
------------+-----------------------------------
          1 |      6,406      100.00      100.00
------------+-----------------------------------
      Total |      6,406      100.00


. 
. // ---------------------------------
. // 5) 模拟回归样本与回归前处理，判断为何 omitted
. //    回归样本：keep if !missing(contract_invalid)
. //    主脚本处理：ln_amount 缺失 -> 0；并加入 ln_amount_miss 指示
. // ---------------------------------
. preserve

. keep if !missing(contract_invalid)
(6,406 observations deleted)

. quietly count

. local N_REG0 = r(N)

. 
. gen double ln_amount_reg = ln_amount
(5,692 missing values generated)

. gen byte ln_amount_miss_reg = missing(ln_amount_reg)

. replace ln_amount_reg = 0 if missing(ln_amount_reg)
(5,692 real changes made)

. 
. di as txt "---- 回归样本（仅 contract_invalid 非缺失）----"
---- 回归样本（仅 contract_invalid 非缺失）----

. di as txt "N_REG0=" `N_REG0'
N_REG0=5692

. tab ln_amount_miss_reg, missing

ln_amount_m |
    iss_reg |      Freq.     Percent        Cum.
------------+-----------------------------------
          1 |      5,692      100.00      100.00
------------+-----------------------------------
      Total |      5,692      100.00

. summarize ln_amount_reg

    Variable |        Obs        Mean    Std. dev.       Min        Max
-------------+---------------------------------------------------------
ln_amo~t_reg |      5,692           0           0          0          0

. quietly summarize ln_amount_reg

. di as txt "ln_amount_reg 的最小/最大: " r(min) " / " r(max)
ln_amount_reg 的最小/最大: 0 / 0

. 
. // 判断是否“常数”
. quietly summarize ln_amount_reg

. if r(min)==r(max) {
.         di as err "诊断结论：ln_amount 在回归样本中为常数（无变异），必然会被 omitted。"
诊断结论：ln_amount 在回归样本中为常数（无变异），必然会被 omitted。
. }

. quietly tab ln_amount_miss_reg

. if r(r)==1 {
.         di as err "诊断结论：ln_amount_miss 在回归样本中也为常数（全缺失或全非缺失），会被 omitted。"
诊断结论：ln_amount_miss 在回归样本中也为常数（全缺失或全非缺失），会被 omitted。
. }

. restore

. 
. // 直接用 putexcel 写 summary（避免数据来回切换）
. local XLS "`OUTDIR'/amount_diagnostics.xlsx"

. cap erase "`XLS'"

. putexcel set "`XLS'", replace sheet("summary")
note: file will be replaced when the first putexcel command is issued.

. putexcel A1=("总体诊断"), bold
file D:\BaiduSyncdisk\Doctor\论文\数字货币\数据构建/analyze/diagnostics/amount_diagnostics.xlsx saved

. putexcel A2=("N_ALL") B2=(`N_ALL')
file D:\BaiduSyncdisk\Doctor\论文\数字货币\数据构建/analyze/diagnostics/amount_diagnostics.xlsx saved

. putexcel A3=("total_amount_cny_missing") B3=(`N_AMT_MISS')
file D:\BaiduSyncdisk\Doctor\论文\数字货币\数据构建/analyze/diagnostics/amount_diagnostics.xlsx saved

. putexcel A4=("total_amount_cny_nonmissing") B4=(`N_AMT_NONMISS')
file D:\BaiduSyncdisk\Doctor\论文\数字货币\数据构建/analyze/diagnostics/amount_diagnostics.xlsx saved

. putexcel A5=("total_amount_cny_zero") B5=(`N_AMT_ZERO')
file D:\BaiduSyncdisk\Doctor\论文\数字货币\数据构建/analyze/diagnostics/amount_diagnostics.xlsx saved

. putexcel A6=("total_amount_cny_positive") B6=(`N_AMT_POS')
file D:\BaiduSyncdisk\Doctor\论文\数字货币\数据构建/analyze/diagnostics/amount_diagnostics.xlsx saved

. 
. putexcel A8=("回归样本诊断（contract_invalid 非缺失）"), bold
file D:\BaiduSyncdisk\Doctor\论文\数字货币\数据构建/analyze/diagnostics/amount_diagnostics.xlsx saved

. putexcel A9=("N_reg") B9=(`N_REG0')
file D:\BaiduSyncdisk\Doctor\论文\数字货币\数据构建/analyze/diagnostics/amount_diagnostics.xlsx saved

. 
. // 抽取若干“金额非缺失”的样本行，便于检查扁平化是否成功
. preserve

. keep if !missing(total_amount_cny)
(12,098 observations deleted)

. gsort -total_amount_cny

. keep in 1/30
observation numbers out of range
r(198);

end of do-file

r(198);

. do analyze_all.do

. version 19

. clear all

. set more off

. set linesize 255

. 
. // ============================================================
. //  Project: 数字货币裁判文书结构化数据 - Stata 全流程分析
. //  Input : final_all.jsonl + docs/fields.yaml
. //  Output: analyze/ (data, tables, figures, logs)
. //  Run   : do analyze_all.do
. // ============================================================
. 
. local ROOT "`c(pwd)'"

. local OUTDIR "`ROOT'/analyze"

. local DATADIR "`OUTDIR'/data"

. local TABLEDIR "`OUTDIR'/tables"

. local FIGDIR "`OUTDIR'/figures"

. local LOGDIR "`OUTDIR'/logs"

. local TMPDIR "`ROOT'/.temp"

. 
. cap mkdir "`OUTDIR'"

. cap mkdir "`DATADIR'"

. cap mkdir "`TABLEDIR'"

. cap mkdir "`FIGDIR'"

. cap mkdir "`LOGDIR'"

. cap mkdir "`TMPDIR'"

. cap mkdir "`OUTDIR'/report"

. 
. log close _all
      name:  <unnamed>
       log:  D:\BaiduSyncdisk\Doctor\论文\数字货币\数据构建/analyze/diagnostics/amount_diagnostics.log
  log type:  text
 closed on:  27 Jan 2026, 10:49:28
---------------------------------------------------------------------------------------------------------------------------------------------------------------------------------------------------------------------------------------------------------------
